[www.attaqwa.co.id/index.html]
[backblue.gif]
[fade.gif]
[index.html]
[www.attaqwa.co.id/comments/feed/index.html]
[www.attaqwa.co.id/feed/index.html]
[www.attaqwa.co.id/wp-content/cache/wpfc-minified/6oknxxvr/f92s5.css]
[www.attaqwa.co.id/wp-content/cache/wpfc-minified/ruudxx7/f92si.css]
[www.attaqwa.co.id/wp-content/uploads/2021/04/BG-umroh-1.png]
[www.attaqwa.co.id/wp-content/uploads/2021/04/Vectorwave.png]
[www.attaqwa.co.id/wp-content/uploads/2021/02/BG-layout-WEB.jpg]
[www.attaqwa.co.id/wp-content/cache/wpfc-minified/7uiwrjqg/f92si.css]
[www.attaqwa.co.id/wp-content/cache/wpfc-minified/8a95zcg6/f92si.css]
[www.attaqwa.co.id/wp-content/cache/wpfc-minified/dg7m83xw/f92s5.js]
[www.attaqwa.co.id/wp-content/uploads/2021/04/LOGO-ATTAQWA-NEW-FJX-300x112.png]
[www.attaqwa.co.id/wp-content/uploads/2022/01/ezgif.com-gif-maker-77.webp]
[www.attaqwa.co.id/wp-content/uploads/2021/03/-1-1.png]
[www.attaqwa.co.id/wp-content/uploads/2021/04/Testi-3.png]
[www.attaqwa.co.id/wp-content/uploads/2021/04/Testo-2.png]
[www.attaqwa.co.id/wp-content/uploads/2021/04/icon_star_feedback.png]
[www.attaqwa.co.id/wp-content/uploads/2021/04/Testi-1.png]
[www.attaqwa.co.id/wp-content/uploads/2021/04/Hero-2-03.png]
[www.attaqwa.co.id/wp-content/uploads/2022/01/ezgif.com-gif-maker-76.webp]
[www.attaqwa.co.id/wp-content/uploads/2021/10/6.jpg]
[www.attaqwa.co.id/wp-content/uploads/2021/10/7-1.jpg]
[www.attaqwa.co.id/wp-content/uploads/2021/03/Untitled-3-1-1.png]
[www.attaqwa.co.id/wp-content/uploads/2021/04/Hero-4.png]
[www.attaqwa.co.id/wp-content/uploads/2021/03/qualiti-1-1.png]
[www.attaqwa.co.id/wp-content/uploads/2021/03/memudahkan-1-1.png]
[www.attaqwa.co.id/wp-content/uploads/2021/04/divider-2-1.png]
[www.attaqwa.co.id/wp-content/uploads/2021/03/kisspng-bestseller-logo-sales-the-new-york-times-best-sell-5afb0f4dbb8980.2706276815264028937682-1-1.png]
[www.attaqwa.co.id/wp-content/uploads/2021/04/Hero-5.png]
[www.attaqwa.co.id/wp-content/uploads/2021/04/divider.png]
[www.attaqwa.co.id/wp-content/uploads/2021/04/Hero-6.png]
[www.attaqwa.co.id/wp-content/uploads/2022/01/ezgif.com-gif-maker-88.webp]
[www.attaqwa.co.id/wp-content/uploads/2021/04/Hero-10.png]
[www.attaqwa.co.id/wp-content/uploads/2021/04/Hero-8.png]
[www.attaqwa.co.id/wp-content/uploads/2021/04/Hero-9.png]
[www.attaqwa.co.id/wp-content/uploads/2021/04/Hero-3-1.png]
[www.attaqwa.co.id/wp-content/uploads/2021/04/Hero-7.png]
[www.attaqwa.co.id/wp-content/uploads/2022/01/ezgif.com-gif-maker-87.webp]
[www.attaqwa.co.id/wp-content/uploads/2021/03/down-arrow.gif]
[www.attaqwa.co.id/wp-content/uploads/2021/04/Hero-11.png]
[www.attaqwa.co.id/wp-content/uploads/2021/10/4a.png]
[www.attaqwa.co.id/wp-content/uploads/2021/10/5a.png]
[www.attaqwa.co.id/wp-content/uploads/2021/03/beli-sekarang-1.png]
[www.attaqwa.co.id/wp-content/uploads/2021/03/.png]
[www.attaqwa.co.id/wp-content/uploads/2021/03/25.jpg]
[www.attaqwa.co.id/wp-content/uploads/2021/03/28.jpg]
[www.attaqwa.co.id/wp-content/uploads/2021/03/26.jpg]
[www.attaqwa.co.id/wp-content/uploads/2021/03/27.jpg]
[www.attaqwa.co.id/wp-content/uploads/2021/03/16.jpg]
[www.attaqwa.co.id/wp-content/uploads/2021/03/17.jpg]
[www.attaqwa.co.id/wp-content/uploads/2021/03/19.jpg]
[www.attaqwa.co.id/wp-content/uploads/2021/03/21.jpg]
[www.attaqwa.co.id/wp-content/uploads/2021/03/22.jpg]
[www.attaqwa.co.id/wp-content/uploads/2021/03/29.jpg]
[www.attaqwa.co.id/wp-content/uploads/2021/03/3.jpg]
[www.attaqwa.co.id/wp-content/uploads/2021/03/4.jpg]
[www.attaqwa.co.id/wp-content/uploads/2021/03/5.jpg]
[www.attaqwa.co.id/wp-content/uploads/2021/03/6.jpg]
[www.attaqwa.co.id/wp-content/uploads/2021/03/7.jpg]
[www.attaqwa.co.id/wp-content/uploads/2021/03/8.jpg]
[www.attaqwa.co.id/wp-content/uploads/2021/03/9.jpg]
[www.attaqwa.co.id/wp-content/uploads/2021/03/10.jpg]
[www.attaqwa.co.id/wp-content/uploads/2021/03/11.jpg]
[www.attaqwa.co.id/wp-content/uploads/2021/03/12.jpg]
[www.attaqwa.co.id/wp-content/uploads/2021/03/T-1-web-1.jpg]
[www.attaqwa.co.id/wp-content/uploads/2021/03/T-2-web-1.jpg]
[www.attaqwa.co.id/wp-content/uploads/2021/03/T-3-web-1.jpg]
[www.attaqwa.co.id/wp-content/uploads/2021/03/T-4-web-1.jpg]
[www.attaqwa.co.id/wp-content/uploads/2021/03/T-5-web-1.jpg]
[www.attaqwa.co.id/wp-content/uploads/2021/03/T-6-web-1.jpg]
[attaqwa.co.id/wp-content/uploads/2021/10/WhatsApp-Image-2021-08-26-at-16.31.jpg]
[attaqwa.co.id/wp-content/uploads/2021/10/SC2.jpg]
[attaqwa.co.id/wp-content/uploads/2021/10/SC3.jpg]
[www.attaqwa.co.id/wp-content/uploads/2021/10/1.jpg]
[www.attaqwa.co.id/wp-content/uploads/2021/10/3.jpg]
[www.attaqwa.co.id/wp-content/uploads/2021/10/4.jpg]
[www.attaqwa.co.id/wp-content/uploads/2021/10/7.jpg]
[attaqwa.co.id/wp-content/uploads/2021/10/FP-1.jpg]
[attaqwa.co.id/wp-content/uploads/2021/10/FP-2.png]
[attaqwa.co.id/wp-content/uploads/2021/10/FP-3.png]
[attaqwa.co.id/wp-content/uploads/2021/03/jpeg-2-web.jpg]
[attaqwa.co.id/wp-content/uploads/2021/03/jpeg-3-web.jpg]
[attaqwa.co.id/wp-content/uploads/2021/03/IMG-20200824-WA0009-2-1.jpg]
[attaqwa.co.id/wp-content/uploads/2021/03/jpeg-web-1.jpg]
[www.attaqwa.co.id/wp-content/uploads/2021/04/Money-Back-Guarantee-1-300x224.png]
[www.attaqwa.co.id/wp-content/uploads/2021/03/fRGahkMAuMfQ1Dfd8aWqy1sOVm6wQeGgU6PPtiPJA-1-1-1.png]
[www.attaqwa.co.id/wp-content/cache/wpfc-minified/8xt5qz6b/f92si.css]
[www.attaqwa.co.id/wp-content/plugins/elementor/assets/js/webpack.runtime.minfb6f.js]
[www.attaqwa.co.id/wp-content/plugins/elementor/assets/js/frontend-modules.minfb6f.js]
[www.attaqwa.co.id/wp-content/plugins/elementor/assets/lib/waypoints/waypoints.min05da.js]
[www.attaqwa.co.id/wp-includes/js/jquery/ui/core.min3f14.js]
[www.attaqwa.co.id/wp-content/plugins/elementor/assets/lib/share-link/share-link.minfb6f.js]
[www.attaqwa.co.id/wp-content/plugins/elementor/assets/lib/swiper/swiper.min48f5.js]
[www.attaqwa.co.id/wp-content/plugins/elementor/assets/lib/dialog/dialog.mind227.js]
[www.attaqwa.co.id/wp-content/plugins/elementor/assets/js/frontend.minfb6f.js]
[www.attaqwa.co.id/wp-content/plugins/elementor/assets/js/preloaded-modules.minfb6f.js]
[www.attaqwa.co.id/index.html]
[www.attaqwa.co.id/wp-content/cache/wpfc-minified/6oknxxvr/f92s5.css]
[www.attaqwa.co.id/wp-content/themes/landingpress-wp/assets/js/script.min5589.js]
[www.attaqwa.co.id/wp-content/cache/wpfc-minified/ruudxx7/f92si.css]
[www.attaqwa.co.id/wp-content/themes/landingpress-wp/assets/images/select-arrow.png]
[www.attaqwa.co.id/wp-content/cache/wpfc-minified/7uiwrjqg/f92si.css]
[www.attaqwa.co.id/wp-content/cache/wpfc-minified/8a95zcg6/f92si.css]
[www.attaqwa.co.id/wp-content/cache/wpfc-minified/8xt5qz6b/f92si.css]
[www.attaqwa.co.id/wp-content/plugins/elementor/assets/lib/font-awesome/webfonts/fa-solid-900.eot]
[www.attaqwa.co.id/wp-content/plugins/elementor/assets/lib/eicons/fonts/eiconsd6bb.eot]
